Skipping image OS validation for hb__e7c67c8b2618566cd94f1bfb74c4172a: docker inspect returned 1
Parser warnings: - Extra text detected before JSON object
- Extra text detected after JSON object
Trajectory dumped to jobs/2026-06-30__23-27-59/task009__jHwUA4z/agent/trajectory.json
Trajectory dumped to jobs/2026-06-30__23-27-59/task009__jHwUA4z/agent/trajectory.json
Trajectory dumped to jobs/2026-06-30__23-27-59/task009__jHwUA4z/agent/trajectory.json
Trajectory dumped to jobs/2026-06-30__23-27-59/task009__jHwUA4z/agent/trajectory.json
Parser warnings: - Extra text detected before JSON object
- Extra text detected after JSON object
Trajectory dumped to jobs/2026-06-30__23-27-59/task009__jHwUA4z/agent/trajectory.json
Parser warnings: - Extra text detected before JSON object
- Extra text detected after JSON object
Trajectory dumped to jobs/2026-06-30__23-27-59/task009__jHwUA4z/agent/trajectory.json
Trajectory dumped to jobs/2026-06-30__23-27-59/task009__jHwUA4z/agent/trajectory.json
Trajectory dumped to jobs/2026-06-30__23-27-59/task009__jHwUA4z/agent/trajectory.json
Parser warnings: - Extra text detected before JSON object
- Extra text detected after JSON object
Trajectory dumped to jobs/2026-06-30__23-27-59/task009__jHwUA4z/agent/trajectory.json
Parser warnings: - Extra text detected before JSON object
- Extra text detected after JSON object
Trajectory dumped to jobs/2026-06-30__23-27-59/task009__jHwUA4z/agent/trajectory.json
Parser warnings: - Extra text detected before JSON object
- Extra text detected after JSON object
Trajectory dumped to jobs/2026-06-30__23-27-59/task009__jHwUA4z/agent/trajectory.json
Parser warnings: - Extra text detected before JSON object
- Extra text detected after JSON object
Trajectory dumped to jobs/2026-06-30__23-27-59/task009__jHwUA4z/agent/trajectory.json
Parser warnings: - Extra text detected before JSON object
- Extra text detected after JSON object
Trajectory dumped to jobs/2026-06-30__23-27-59/task009__jHwUA4z/agent/trajectory.json
Parser warnings: - Extra text detected before JSON object
- Extra text detected after JSON object
Trajectory dumped to jobs/2026-06-30__23-27-59/task009__jHwUA4z/agent/trajectory.json
Trajectory dumped to jobs/2026-06-30__23-27-59/task009__jHwUA4z/agent/trajectory.json
Collecting main service artifacts
