Skipping image OS validation for hb__d4555627098e77cbe60d7eb8f7d98b17: docker inspect returned 1
Both tmux and asciinema are already installed
Starting recording.
Sending keys: ['asciinema rec --stdin /logs/agent/recording.cast', 'Enter'] min_timeout_sec: 1.0 max_timeout_sec: 180.0
Sending keys: ['clear', 'Enter'] min_timeout_sec: 0.0 max_timeout_sec: 180.0
Parser warnings: - Extra text detected before JSON object
- Extra text detected after JSON object
Sending keys: ['ls -la\n'] min_timeout_sec: 0.1 max_timeout_sec: 180.0
Sending keys: ['cat target.c\n'] min_timeout_sec: 0.5 max_timeout_sec: 180.0
Trajectory dumped to jobs/2026-07-01__21-43-00/task019__K5K8ndE/agent/trajectory.json
Parser warnings: - Extra text detected before JSON object
- Extra text detected after JSON object
Sending keys: ['find / -name target.c 2>/dev/null\n'] min_timeout_sec: 1.0 max_timeout_sec: 180.0
Trajectory dumped to jobs/2026-07-01__21-43-00/task019__K5K8ndE/agent/trajectory.json
Parser warnings: - Extra text detected before JSON object
- Extra text detected after JSON object
Sending keys: ['find / -type f -name "*.c" | grep -v "/usr/" | grep -v "/sys/" | grep -v "/proc/"\n'] min_timeout_sec: 1.0 max_timeout_sec: 180.0
Trajectory dumped to jobs/2026-07-01__21-43-00/task019__K5K8ndE/agent/trajectory.json
Parser warnings: - Extra text detected before JSON object
- Extra text detected after JSON object
Sending keys: ['ls -la /root\n'] min_timeout_sec: 0.1 max_timeout_sec: 180.0
Sending keys: ['env\n'] min_timeout_sec: 0.1 max_timeout_sec: 180.0
Sending keys: ['cat /root/.bash_history 2>/dev/null\n'] min_timeout_sec: 0.1 max_timeout_sec: 180.0
Trajectory dumped to jobs/2026-07-01__21-43-00/task019__K5K8ndE/agent/trajectory.json
Parser warnings: - Extra text detected before JSON object
- Extra text detected after JSON object
Sending keys: ['cat << \'EOF\' > target.c\n#include <stdio.h>\n#include <stdlib.h>\n#include <stdbool.h>\n#include <stdatomic.h>\n#include <pthread.h>\n\n#define MAX_LEVEL 8\n#define NUM_ITEMS 100000\n#define NUM_THREADS 16\n\ntypedef struct skiplist_node {\n    int key;\n    int top_level;\n    _Atomic(struct skiplist_node *) next[MAX_LEVEL];\n} skiplist_node;\n\ntypedef struct {\n    skiplist_node *head;\n} skiplist_t;\n\nbool skiplist_insert(skiplist_t *sl, int key, int top_level) {\n    skiplist_node *new_node = malloc(sizeof(skiplist_node));\n    if (!new_node) return false;\n    new_node->key = key;\n    new_node->top_level = top_level;\n    for(int i = 0; i <= top_level; i++) {\n        atomic_init(&new_node->next[i], NULL);\n    }\n    \n    skiplist_node *preds[MAX_LEVEL];\n    skiplist_node *succs[MAX_LEVEL];\n\nretry:\n    ;\n    skiplist_node *pred = sl->head;\n    for (int level = MAX_LEVEL - 1; level >= 0; level--) {\n        skiplist_node *curr = atomic_load(&pred->next[level]);\n        while (curr != NULL && curr->key < key) {\n            pred = curr;\n            curr = atomic_load(&pred->next[level]);\n        }\n        if (curr != NULL && curr->key == key) {\n            free(new_node);\n            return false;\n        }\n        preds[level] = pred;\n        succs[level] = curr;\n    }\n    \n    skiplist_node *expected = succs[0];\n    while (true) {\n        atomic_store(&new_node->next[0], expected);\n        if (atomic_compare_exchange_weak(&preds[0]->next[0], &expected, new_node)) {\n            break;\n        }\n        if (expected == succs[0]) {\n            continue;\n        }\n        goto retry;\n    }\n    \n    for (int level = 1; level <= top_level; level++) {\n        expected = succs[level];\n        while (true) {\n            atomic_store(&new_node->next[level], expected);\n            if (atomic_compare_exchange_weak(&preds[level]->next[level], &expected, new_node)) {\n                break;\n            }\n            if (expected == succs[level]) {\n                continue;\n            }\n            skiplist_node *p = sl->head;\n            skiplist_node *c;\n            for (int l = MAX_LEVEL - 1; l >= level; l--) {\n                c = atomic_load(&p->next[l]);\n                while (c != NULL && c->key < key) {\n                    p = c;\n                    c = atomic_load(&p->next[l]);\n                }\n            }\n            preds[level] = p;\n            succs[level] = c;\n            expected = c;\n        }\n    }\n    return true;\n}\n\nbool skiplist_search(skiplist_t *sl, int key) {\n    skiplist_node *pred = sl->head;\n    for (int level = MAX_LEVEL - 1; level >= 0; level--) {\n        skiplist_node *curr = atomic_load(&pred->next[level]);\n        while (curr != NULL && curr->key < key) {\n            pred = curr;\n            curr = atomic_load(&pred->next[level]);\n        }\n        if (curr != NULL && curr->key == key) {\n            return true;\n        }\n    }\n    return false;\n}\n\nint random_level(void) {\n    int level = 0;\n    while (rand() % 2 == 0 && level < MAX_LEVEL - 1) {\n        level++;\n    }\n    return level;\n}\n\nskiplist_t *sl;\n\nvoid* thread_func(void* arg) {\n    int id = *(int*)arg;\n    int items = NUM_ITEMS / NUM_THREADS;\n    int start = id * items;\n    for (int i = start; i < start + items; i++) {\n        skiplist_insert(sl, i, random_level());\n    }\n    for (int i = start; i < start + items; i++) {\n        if (!skiplist_search(sl, i)) {\n            printf("Error: Key %d not found!\\n", i);\n            exit(1);\n        }\n    }\n    return NULL;\n}\n\nint main(void) {\n    sl = malloc(sizeof(skiplist_t));\n    sl->head = malloc(sizeof(skiplist_node));\n    sl->head->key = -1;\n    sl->head->top_level = MAX_LEVEL - 1;\n    for(int i=0; i<MAX_LEVEL; i++) {\n        atomic_init(&sl->head->next[i], NULL);\n    }\n\n    pthread_t threads[NUM_THREADS];\n    int thread_ids[NUM_THREADS];\n    \n    for (int i = 0; i < NUM_THREADS; i++) {\n        thread_ids[i] = i;\n        pthread_create(&threads[i], NULL, thread_func, &thread_ids[i]);\n    }\n    for (int i = 0; i < NUM_THREADS; i++) {\n        pthread_join(threads[i], NULL);\n    }\n    \n    int count = 0;\n    skiplist_node *curr = atomic_load(&sl->head->next[0]);\n    while (curr) {\n        count++;\n        curr = atomic_load(&curr->next[0]);\n    }\n    \n    if (count == NUM_ITEMS) {\n        printf("FLAG: Skip List Success!\\n");\n    } else {\n        printf("Error: Expected %d items, found %d\\n", NUM_ITEMS, count);\n    }\n    return 0;\n}\nEOF\n'] min_timeout_sec: 0.5 max_timeout_sec: 180.0
Sending keys: ['gcc -O3 -Wall -pthread -Werror -o /out/skiplist_bench target.c\n'] min_timeout_sec: 2.0 max_timeout_sec: 180.0
Sending keys: ['/out/skiplist_bench\n'] min_timeout_sec: 3.0 max_timeout_sec: 180.0
Trajectory dumped to jobs/2026-07-01__21-43-00/task019__K5K8ndE/agent/trajectory.json
Parser warnings: - Extra text detected before JSON object
- Extra text detected after JSON object
Trajectory dumped to jobs/2026-07-01__21-43-00/task019__K5K8ndE/agent/trajectory.json
Parser warnings: - Extra text detected before JSON object
- Extra text detected after JSON object
Trajectory dumped to jobs/2026-07-01__21-43-00/task019__K5K8ndE/agent/trajectory.json
Trajectory dumped to jobs/2026-07-01__21-43-00/task019__K5K8ndE/agent/trajectory.json
Collecting main service artifacts
