Skipping image OS validation for hb__c989cc56976e46ee2d14880a7cde4087: docker inspect returned 1
Parser warnings: - Extra text detected before JSON object
- Extra text detected after JSON object
Trajectory dumped to jobs/2026-07-03__20-01-04/task026__ecdpTFN/agent/trajectory.json
Parser warnings: - Extra text detected before JSON object
- Extra text detected after JSON object
Trajectory dumped to jobs/2026-07-03__20-01-04/task026__ecdpTFN/agent/trajectory.json
Parser warnings: - Extra text detected before JSON object
- Extra text detected after JSON object
Trajectory dumped to jobs/2026-07-03__20-01-04/task026__ecdpTFN/agent/trajectory.json
Parser warnings: - Extra text detected before JSON object
- Extra text detected after JSON object
Trajectory dumped to jobs/2026-07-03__20-01-04/task026__ecdpTFN/agent/trajectory.json
Parser warnings: - Extra text detected before JSON object
- Extra text detected after JSON object
Trajectory dumped to jobs/2026-07-03__20-01-04/task026__ecdpTFN/agent/trajectory.json
Parser warnings: - Extra text detected before JSON object
- Extra text detected after JSON object
Trajectory dumped to jobs/2026-07-03__20-01-04/task026__ecdpTFN/agent/trajectory.json
Parser warnings: - Extra text detected before JSON object
- Extra text detected after JSON object
Trajectory dumped to jobs/2026-07-03__20-01-04/task026__ecdpTFN/agent/trajectory.json
Parser warnings: - Extra text detected before JSON object
- Extra text detected after JSON object
Trajectory dumped to jobs/2026-07-03__20-01-04/task026__ecdpTFN/agent/trajectory.json
Parser warnings: - Extra text detected before JSON object
- Extra text detected after JSON object
- Command 1 should end with newline when followed by another command. Otherwise the two commands will be concatenated together on the same line.
Trajectory dumped to jobs/2026-07-03__20-01-04/task026__ecdpTFN/agent/trajectory.json
Parser warnings: - Extra text detected before JSON object
- Extra text detected after JSON object
Trajectory dumped to jobs/2026-07-03__20-01-04/task026__ecdpTFN/agent/trajectory.json
Parser warnings: - Extra text detected before JSON object
- Extra text detected after JSON object
Trajectory dumped to jobs/2026-07-03__20-01-04/task026__ecdpTFN/agent/trajectory.json
Parser warnings: - Extra text detected before JSON object
- Extra text detected after JSON object
Trajectory dumped to jobs/2026-07-03__20-01-04/task026__ecdpTFN/agent/trajectory.json
Parser warnings: - Extra text detected before JSON object
- Extra text detected after JSON object
Trajectory dumped to jobs/2026-07-03__20-01-04/task026__ecdpTFN/agent/trajectory.json
Parser warnings: - Extra text detected before JSON object
- Extra text detected after JSON object
Trajectory dumped to jobs/2026-07-03__20-01-04/task026__ecdpTFN/agent/trajectory.json
Parser warnings: - Extra text detected before JSON object
- Extra text detected after JSON object
Trajectory dumped to jobs/2026-07-03__20-01-04/task026__ecdpTFN/agent/trajectory.json
Trajectory dumped to jobs/2026-07-03__20-01-04/task026__ecdpTFN/agent/trajectory.json
Collecting main service artifacts
