Skipping image OS validation for hb__c34a35c859c285e64e73a542732df0e2: docker inspect returned 1
Parser warnings: - Extra text detected before JSON object
- Extra text detected after JSON object
Trajectory dumped to jobs/2026-07-16__10-27-46/task046__WyUEQSF/agent/trajectory.json
Parser warnings: - Extra text detected before JSON object
- Extra text detected after JSON object
Trajectory dumped to jobs/2026-07-16__10-27-46/task046__WyUEQSF/agent/trajectory.json
Parser warnings: - Extra text detected before JSON object
- Extra text detected after JSON object
Parser warnings: - Extra text detected before JSON object
- Extra text detected after JSON object
Trajectory dumped to jobs/2026-07-16__10-27-46/task046__WyUEQSF/agent/trajectory.json
Parser warnings: - Extra text detected before JSON object
- Extra text detected after JSON object
Trajectory dumped to jobs/2026-07-16__10-27-46/task046__WyUEQSF/agent/trajectory.json
Parser warnings: - Extra text detected before JSON object
- Extra text detected after JSON object
Trajectory dumped to jobs/2026-07-16__10-27-46/task046__WyUEQSF/agent/trajectory.json
Parser warnings: - Extra text detected before JSON object
- Extra text detected after JSON object
Trajectory dumped to jobs/2026-07-16__10-27-46/task046__WyUEQSF/agent/trajectory.json
Parser warnings: - Extra text detected before JSON object
- Extra text detected after JSON object
Trajectory dumped to jobs/2026-07-16__10-27-46/task046__WyUEQSF/agent/trajectory.json
Parser warnings: - Extra text detected before JSON object
- Extra text detected after JSON object
Trajectory dumped to jobs/2026-07-16__10-27-46/task046__WyUEQSF/agent/trajectory.json
Trajectory dumped to jobs/2026-07-16__10-27-46/task046__WyUEQSF/agent/trajectory.json
Collecting main service artifacts
