Skipping image OS validation for hb__1bfc5885373c0b8fe14beeefd91cca4f: docker inspect returned 1
Parser warnings: - Extra text detected before JSON object
- Extra text detected after JSON object
Trajectory dumped to jobs/2026-07-16__10-27-46/task043__HFPkDJF/agent/trajectory.json
Parser warnings: - Extra text detected before JSON object
- Extra text detected after JSON object
Trajectory dumped to jobs/2026-07-16__10-27-46/task043__HFPkDJF/agent/trajectory.json
Parser warnings: - Extra text detected before JSON object
- Extra text detected after JSON object
Trajectory dumped to jobs/2026-07-16__10-27-46/task043__HFPkDJF/agent/trajectory.json
Parser warnings: - Extra text detected before JSON object
- Extra text detected after JSON object
Trajectory dumped to jobs/2026-07-16__10-27-46/task043__HFPkDJF/agent/trajectory.json
Parser warnings: - Extra text detected before JSON object
- Extra text detected after JSON object
Trajectory dumped to jobs/2026-07-16__10-27-46/task043__HFPkDJF/agent/trajectory.json
Parser warnings: - Extra text detected before JSON object
- Extra text detected after JSON object
Trajectory dumped to jobs/2026-07-16__10-27-46/task043__HFPkDJF/agent/trajectory.json
Trajectory dumped to jobs/2026-07-16__10-27-46/task043__HFPkDJF/agent/trajectory.json
Collecting main service artifacts
