Skipping image OS validation for hb__078ddf9329b61f15dcd6e8e493fe8d4f: docker inspect returned 1
Parser warnings: - Extra text detected before JSON object
- Extra text detected after JSON object
Trajectory dumped to jobs/2026-07-01__00-58-20/task014__6wAu6Dc/agent/trajectory.json
Parser warnings: - Extra text detected before JSON object
- Extra text detected after JSON object
Trajectory dumped to jobs/2026-07-01__00-58-20/task014__6wAu6Dc/agent/trajectory.json
Parser warnings: - Extra text detected before JSON object
- Extra text detected after JSON object
Trajectory dumped to jobs/2026-07-01__00-58-20/task014__6wAu6Dc/agent/trajectory.json
Parser warnings: - Extra text detected before JSON object
- Extra text detected after JSON object
Trajectory dumped to jobs/2026-07-01__00-58-20/task014__6wAu6Dc/agent/trajectory.json
Parser warnings: - Extra text detected before JSON object
- Extra text detected after JSON object
Trajectory dumped to jobs/2026-07-01__00-58-20/task014__6wAu6Dc/agent/trajectory.json
Parser warnings: - Extra text detected before JSON object
- Extra text detected after JSON object
Trajectory dumped to jobs/2026-07-01__00-58-20/task014__6wAu6Dc/agent/trajectory.json
Parser warnings: - Extra text detected before JSON object
- Extra text detected after JSON object
Trajectory dumped to jobs/2026-07-01__00-58-20/task014__6wAu6Dc/agent/trajectory.json
Trajectory dumped to jobs/2026-07-01__00-58-20/task014__6wAu6Dc/agent/trajectory.json
Collecting main service artifacts
