Skipping image OS validation for hb__4fad56bccd62df2235398a4028044da6: docker inspect returned 1
Parser warnings: - Extra text detected before JSON object
- Extra text detected after JSON object
Trajectory dumped to jobs/2026-06-30__23-41-36/task008__n55ETEs/agent/trajectory.json
Parser warnings: - Extra text detected before JSON object
- Extra text detected after JSON object
Trajectory dumped to jobs/2026-06-30__23-41-36/task008__n55ETEs/agent/trajectory.json
Parser warnings: - Extra text detected before JSON object
- Extra text detected after JSON object
Trajectory dumped to jobs/2026-06-30__23-41-36/task008__n55ETEs/agent/trajectory.json
Parser warnings: - Extra text detected before JSON object
- Extra text detected after JSON object
Trajectory dumped to jobs/2026-06-30__23-41-36/task008__n55ETEs/agent/trajectory.json
Parser warnings: - Extra text detected before JSON object
- Extra text detected after JSON object
Trajectory dumped to jobs/2026-06-30__23-41-36/task008__n55ETEs/agent/trajectory.json
Parser warnings: - Extra text detected before JSON object
- Extra text detected after JSON object
Trajectory dumped to jobs/2026-06-30__23-41-36/task008__n55ETEs/agent/trajectory.json
Parser warnings: - Extra text detected before JSON object
- Extra text detected after JSON object
Trajectory dumped to jobs/2026-06-30__23-41-36/task008__n55ETEs/agent/trajectory.json
Parser warnings: - Extra text detected before JSON object
- Extra text detected after JSON object
Trajectory dumped to jobs/2026-06-30__23-41-36/task008__n55ETEs/agent/trajectory.json
Parser warnings: - Extra text detected before JSON object
- Extra text detected after JSON object
Trajectory dumped to jobs/2026-06-30__23-41-36/task008__n55ETEs/agent/trajectory.json
Parser warnings: - Extra text detected before JSON object
- Extra text detected after JSON object
Trajectory dumped to jobs/2026-06-30__23-41-36/task008__n55ETEs/agent/trajectory.json
Parser warnings: - Extra text detected before JSON object
- Extra text detected after JSON object
Trajectory dumped to jobs/2026-06-30__23-41-36/task008__n55ETEs/agent/trajectory.json
Parser warnings: - Extra text detected before JSON object
- Extra text detected after JSON object
Trajectory dumped to jobs/2026-06-30__23-41-36/task008__n55ETEs/agent/trajectory.json
Parser warnings: - Extra text detected before JSON object
- Extra text detected after JSON object
Trajectory dumped to jobs/2026-06-30__23-41-36/task008__n55ETEs/agent/trajectory.json
Parser warnings: - Extra text detected before JSON object
- Extra text detected after JSON object
Trajectory dumped to jobs/2026-06-30__23-41-36/task008__n55ETEs/agent/trajectory.json
Parser warnings: - Extra text detected before JSON object
- Extra text detected after JSON object
- Command 1 should end with newline when followed by another command. Otherwise the two commands will be concatenated together on the same line.
Trajectory dumped to jobs/2026-06-30__23-41-36/task008__n55ETEs/agent/trajectory.json
Parser warnings: - Extra text detected before JSON object
- Extra text detected after JSON object
Trajectory dumped to jobs/2026-06-30__23-41-36/task008__n55ETEs/agent/trajectory.json
Parser warnings: - Extra text detected before JSON object
- Extra text detected after JSON object
Trajectory dumped to jobs/2026-06-30__23-41-36/task008__n55ETEs/agent/trajectory.json
Parser warnings: - Extra text detected before JSON object
- Extra text detected after JSON object
Trajectory dumped to jobs/2026-06-30__23-41-36/task008__n55ETEs/agent/trajectory.json
Parser warnings: - Extra text detected before JSON object
- Extra text detected after JSON object
Trajectory dumped to jobs/2026-06-30__23-41-36/task008__n55ETEs/agent/trajectory.json
Parser warnings: - Extra text detected before JSON object
- Extra text detected after JSON object
- Command 1 should end with newline when followed by another command. Otherwise the two commands will be concatenated together on the same line.
Trajectory dumped to jobs/2026-06-30__23-41-36/task008__n55ETEs/agent/trajectory.json
Parser warnings: - Extra text detected before JSON object
- Extra text detected after JSON object
Trajectory dumped to jobs/2026-06-30__23-41-36/task008__n55ETEs/agent/trajectory.json
Trajectory dumped to jobs/2026-06-30__23-41-36/task008__n55ETEs/agent/trajectory.json
Collecting main service artifacts
