Skipping image OS validation for hb__a4339aad9ed2625c382e87b4818414d5: docker inspect returned 1
Parser warnings: - Extra text detected before JSON object
- Extra text detected after JSON object
Trajectory dumped to jobs/2026-07-16__10-27-46/task045__QzbR9Ud/agent/trajectory.json
Parser warnings: - Extra text detected before JSON object
- Extra text detected after JSON object
Trajectory dumped to jobs/2026-07-16__10-27-46/task045__QzbR9Ud/agent/trajectory.json
Parser warnings: - Extra text detected before JSON object
- Extra text detected after JSON object
Trajectory dumped to jobs/2026-07-16__10-27-46/task045__QzbR9Ud/agent/trajectory.json
Parser warnings: - Extra text detected before JSON object
- Extra text detected after JSON object
Trajectory dumped to jobs/2026-07-16__10-27-46/task045__QzbR9Ud/agent/trajectory.json
Parser warnings: - Extra text detected before JSON object
- Extra text detected after JSON object
Trajectory dumped to jobs/2026-07-16__10-27-46/task045__QzbR9Ud/agent/trajectory.json
Parser warnings: - Extra text detected before JSON object
- Extra text detected after JSON object
Trajectory dumped to jobs/2026-07-16__10-27-46/task045__QzbR9Ud/agent/trajectory.json
Parser warnings: - Extra text detected before JSON object
- Extra text detected after JSON object
Trajectory dumped to jobs/2026-07-16__10-27-46/task045__QzbR9Ud/agent/trajectory.json
Parser warnings: - Extra text detected before JSON object
- Extra text detected after JSON object
Trajectory dumped to jobs/2026-07-16__10-27-46/task045__QzbR9Ud/agent/trajectory.json
Parser warnings: - Extra text detected before JSON object
- Extra text detected after JSON object
Trajectory dumped to jobs/2026-07-16__10-27-46/task045__QzbR9Ud/agent/trajectory.json
Parser warnings: - Extra text detected before JSON object
- Extra text detected after JSON object
Trajectory dumped to jobs/2026-07-16__10-27-46/task045__QzbR9Ud/agent/trajectory.json
Trajectory dumped to jobs/2026-07-16__10-27-46/task045__QzbR9Ud/agent/trajectory.json
Collecting main service artifacts
