Skipping image OS validation for hb__e0253123dca829ba478008ad72fc9881: docker inspect returned 1
Parser warnings: - Extra text detected before JSON object
- Extra text detected after JSON object
Trajectory dumped to jobs/2026-07-16__10-27-46/task044__SotCh7k/agent/trajectory.json
Parser warnings: - Extra text detected before JSON object
- Extra text detected after JSON object
Trajectory dumped to jobs/2026-07-16__10-27-46/task044__SotCh7k/agent/trajectory.json
Parser warnings: - Extra text detected before JSON object
- Extra text detected after JSON object
Trajectory dumped to jobs/2026-07-16__10-27-46/task044__SotCh7k/agent/trajectory.json
Parser warnings: - Extra text detected before JSON object
- Extra text detected after JSON object
Trajectory dumped to jobs/2026-07-16__10-27-46/task044__SotCh7k/agent/trajectory.json
Parser warnings: - Extra text detected before JSON object
- Extra text detected after JSON object
Trajectory dumped to jobs/2026-07-16__10-27-46/task044__SotCh7k/agent/trajectory.json
Parser warnings: - Extra text detected before JSON object
- Extra text detected after JSON object
Trajectory dumped to jobs/2026-07-16__10-27-46/task044__SotCh7k/agent/trajectory.json
Parser warnings: - Extra text detected before JSON object
- Extra text detected after JSON object
Trajectory dumped to jobs/2026-07-16__10-27-46/task044__SotCh7k/agent/trajectory.json
Trajectory dumped to jobs/2026-07-16__10-27-46/task044__SotCh7k/agent/trajectory.json
Collecting main service artifacts
