Skipping image OS validation for hb__3181cda090bfa2de5793d574475f04ad: docker inspect returned 1
Parser warnings: - Extra text detected before JSON object
- Extra text detected after JSON object
Trajectory dumped to jobs/2026-07-01__21-58-56/task021__9KPt9kK/agent/trajectory.json
Parser warnings: - Extra text detected before JSON object
- Extra text detected after JSON object
Trajectory dumped to jobs/2026-07-01__21-58-56/task021__9KPt9kK/agent/trajectory.json
Parser warnings: - Extra text detected before JSON object
- Extra text detected after JSON object
Trajectory dumped to jobs/2026-07-01__21-58-56/task021__9KPt9kK/agent/trajectory.json
Parser warnings: - Extra text detected before JSON object
- Extra text detected after JSON object
Trajectory dumped to jobs/2026-07-01__21-58-56/task021__9KPt9kK/agent/trajectory.json
Parser warnings: - Extra text detected before JSON object
- Extra text detected after JSON object
Trajectory dumped to jobs/2026-07-01__21-58-56/task021__9KPt9kK/agent/trajectory.json
Parser warnings: - Extra text detected before JSON object
- Extra text detected after JSON object
Trajectory dumped to jobs/2026-07-01__21-58-56/task021__9KPt9kK/agent/trajectory.json
Parser warnings: - Extra text detected before JSON object
- Extra text detected after JSON object
Trajectory dumped to jobs/2026-07-01__21-58-56/task021__9KPt9kK/agent/trajectory.json
Parser warnings: - Extra text detected before JSON object
- Extra text detected after JSON object
Trajectory dumped to jobs/2026-07-01__21-58-56/task021__9KPt9kK/agent/trajectory.json
Trajectory dumped to jobs/2026-07-01__21-58-56/task021__9KPt9kK/agent/trajectory.json
Collecting main service artifacts
