Skipping image OS validation for hb__d4555627098e77cbe60d7eb8f7d98b17: docker inspect returned 1
Parser warnings: - Extra text detected before JSON object
- Extra text detected after JSON object
Trajectory dumped to jobs/2026-07-01__21-43-00/task019__K5K8ndE/agent/trajectory.json
Parser warnings: - Extra text detected before JSON object
- Extra text detected after JSON object
Trajectory dumped to jobs/2026-07-01__21-43-00/task019__K5K8ndE/agent/trajectory.json
Parser warnings: - Extra text detected before JSON object
- Extra text detected after JSON object
Trajectory dumped to jobs/2026-07-01__21-43-00/task019__K5K8ndE/agent/trajectory.json
Parser warnings: - Extra text detected before JSON object
- Extra text detected after JSON object
Trajectory dumped to jobs/2026-07-01__21-43-00/task019__K5K8ndE/agent/trajectory.json
Parser warnings: - Extra text detected before JSON object
- Extra text detected after JSON object
Trajectory dumped to jobs/2026-07-01__21-43-00/task019__K5K8ndE/agent/trajectory.json
Parser warnings: - Extra text detected before JSON object
- Extra text detected after JSON object
Trajectory dumped to jobs/2026-07-01__21-43-00/task019__K5K8ndE/agent/trajectory.json
Parser warnings: - Extra text detected before JSON object
- Extra text detected after JSON object
Trajectory dumped to jobs/2026-07-01__21-43-00/task019__K5K8ndE/agent/trajectory.json
Trajectory dumped to jobs/2026-07-01__21-43-00/task019__K5K8ndE/agent/trajectory.json
Collecting main service artifacts
