Skipping image OS validation for hb__35cd09d5041829092d5e74f4f455100d: docker inspect returned 1
Parser warnings: - Extra text detected before JSON object
- Extra text detected after JSON object
Trajectory dumped to jobs/2026-07-03__21-17-56/task028__xjyHZWH/agent/trajectory.json
Parser warnings: - No valid JSON object found
Parser warnings: - Extra text detected before JSON object
- Extra text detected after JSON object
Trajectory dumped to jobs/2026-07-03__21-17-56/task028__xjyHZWH/agent/trajectory.json
Parser warnings: - No valid JSON object found
Trajectory dumped to jobs/2026-07-03__21-17-56/task028__xjyHZWH/agent/trajectory.json
Parser warnings: - No valid JSON object found
Parser warnings: - Extra text detected before JSON object
- Extra text detected after JSON object
Trajectory dumped to jobs/2026-07-03__21-17-56/task028__xjyHZWH/agent/trajectory.json
Parser warnings: - Extra text detected before JSON object
- Extra text detected after JSON object
Trajectory dumped to jobs/2026-07-03__21-17-56/task028__xjyHZWH/agent/trajectory.json
Parser warnings: - No valid JSON object found
Parser warnings: - No valid JSON object found
Parser warnings: - Extra text detected before JSON object
- Extra text detected after JSON object
Trajectory dumped to jobs/2026-07-03__21-17-56/task028__xjyHZWH/agent/trajectory.json
Parser warnings: - Extra text detected before JSON object
- Extra text detected after JSON object
Trajectory dumped to jobs/2026-07-03__21-17-56/task028__xjyHZWH/agent/trajectory.json
Parser warnings: - Extra text detected before JSON object
- Extra text detected after JSON object
Trajectory dumped to jobs/2026-07-03__21-17-56/task028__xjyHZWH/agent/trajectory.json
Parser warnings: - Extra text detected before JSON object
- Extra text detected after JSON object
Trajectory dumped to jobs/2026-07-03__21-17-56/task028__xjyHZWH/agent/trajectory.json
Parser warnings: - Extra text detected before JSON object
- Extra text detected after JSON object
Trajectory dumped to jobs/2026-07-03__21-17-56/task028__xjyHZWH/agent/trajectory.json
Parser warnings: - No valid JSON object found
Parser warnings: - Extra text detected before JSON object
- Extra text detected after JSON object
Trajectory dumped to jobs/2026-07-03__21-17-56/task028__xjyHZWH/agent/trajectory.json
Parser warnings: - Extra text detected before JSON object
- Extra text detected after JSON object
Trajectory dumped to jobs/2026-07-03__21-17-56/task028__xjyHZWH/agent/trajectory.json
Parser warnings: - Extra text detected before JSON object
- Extra text detected after JSON object
Trajectory dumped to jobs/2026-07-03__21-17-56/task028__xjyHZWH/agent/trajectory.json
Trajectory dumped to jobs/2026-07-03__21-17-56/task028__xjyHZWH/agent/trajectory.json
Collecting main service artifacts
