Skipping image OS validation for hb__95894243536bd6003c3c8a1334bf29f6: docker inspect returned 1
Parser warnings: - Extra text detected before JSON object
- Extra text detected after JSON object
Trajectory dumped to jobs/2026-07-01__23-31-56/task024__Y7ct2aG/agent/trajectory.json
Parser warnings: - Extra text detected before JSON object
- Extra text detected after JSON object
Trajectory dumped to jobs/2026-07-01__23-31-56/task024__Y7ct2aG/agent/trajectory.json
Parser warnings: - Extra text detected before JSON object
- Extra text detected after JSON object
Trajectory dumped to jobs/2026-07-01__23-31-56/task024__Y7ct2aG/agent/trajectory.json
Parser warnings: - Extra text detected before JSON object
- Extra text detected after JSON object
Trajectory dumped to jobs/2026-07-01__23-31-56/task024__Y7ct2aG/agent/trajectory.json
Parser warnings: - Extra text detected before JSON object
- Extra text detected after JSON object
Trajectory dumped to jobs/2026-07-01__23-31-56/task024__Y7ct2aG/agent/trajectory.json
Trajectory dumped to jobs/2026-07-01__23-31-56/task024__Y7ct2aG/agent/trajectory.json
Parser warnings: - Extra text detected before JSON object
- Extra text detected after JSON object
Trajectory dumped to jobs/2026-07-01__23-31-56/task024__Y7ct2aG/agent/trajectory.json
Parser warnings: - Extra text detected before JSON object
- Extra text detected after JSON object
Trajectory dumped to jobs/2026-07-01__23-31-56/task024__Y7ct2aG/agent/trajectory.json
Parser warnings: - Extra text detected before JSON object
- Extra text detected after JSON object
Trajectory dumped to jobs/2026-07-01__23-31-56/task024__Y7ct2aG/agent/trajectory.json
Parser warnings: - Extra text detected before JSON object
- Extra text detected after JSON object
Trajectory dumped to jobs/2026-07-01__23-31-56/task024__Y7ct2aG/agent/trajectory.json
Parser warnings: - Extra text detected before JSON object
- Extra text detected after JSON object
Trajectory dumped to jobs/2026-07-01__23-31-56/task024__Y7ct2aG/agent/trajectory.json
Trajectory dumped to jobs/2026-07-01__23-31-56/task024__Y7ct2aG/agent/trajectory.json
Collecting main service artifacts
